../USB_DEVICE/App/usbd_cdc_if.c:178:15:CDC_Init_FS	8	static
../USB_DEVICE/App/usbd_cdc_if.c:191:15:CDC_DeInit_FS	4	static
../USB_DEVICE/App/usbd_cdc_if.c:205:15:CDC_Control_FS	16	static
../USB_DEVICE/App/usbd_cdc_if.c:286:15:CDC_Receive_FS	24	static
../USB_DEVICE/App/usbd_cdc_if.c:363:9:CDC_Transmit_FS	24	static
../USB_DEVICE/App/usbd_cdc_if.c:390:15:CDC_TransmitCplt_FS	32	static
../USB_DEVICE/App/usbd_cdc_if.c:404:15:CDC_Init_HS	8	static
../USB_DEVICE/App/usbd_cdc_if.c:418:15:CDC_DeInit_HS	4	static
../USB_DEVICE/App/usbd_cdc_if.c:432:15:CDC_Control_HS	16	static
../USB_DEVICE/App/usbd_cdc_if.c:513:15:CDC_Receive_HS	16	static
../USB_DEVICE/App/usbd_cdc_if.c:529:9:CDC_Transmit_HS	24	static
../USB_DEVICE/App/usbd_cdc_if.c:556:15:CDC_TransmitCplt_HS	32	static
